pytest : Windows fatal exception: 
access violation
At line:1 char:1
+ pytest 
tests\test_recorder_production.py > 
test_output.txt 2>&1
+ ~~~~~~~~~~~~~~~~~~~~~~~~~~~~~~~~~~~
~~~~~~~~~~~~~~~~~~~~~~~~~~~~
    + CategoryInfo          :     
NotSpecified: (Windows fat    al 
e...ccess violation:Str    ing) [], 
RemoteException
    + FullyQualifiedErrorId :     
NativeCommandError
 

Current thread 0x00005d80 (most 
recent call first):
  File "C:\Users\USER\AppData\Local\P
rograms\Python\Python311\Lib\site-pac
kages\torch\__init__.py", line 257 
in _load_dll_libraries
  File "C:\Users\USER\AppData\Local\P
rograms\Python\Python311\Lib\site-pac
kages\torch\__init__.py", line 281 
in <module>
  File "<frozen 
importlib._bootstrap>", line 241 in 
_call_with_frames_removed
  File "<frozen 
importlib._bootstrap_external>", 
line 940 in exec_module
  File "<frozen 
importlib._bootstrap>", line 690 in 
_load_unlocked
  File "<frozen 
importlib._bootstrap>", line 1147 in 
_find_and_load_unlocked
  File "<frozen 
importlib._bootstrap>", line 1176 in 
_find_and_load
  File "C:\Users\USER\AppData\Local\P
rograms\Python\Python311\Lib\site-pac
kages\transformers\utils\generic.py",
 line 51 in <module>
  File "<frozen 
importlib._bootstrap>", line 241 in 
_call_with_frames_removed
  File "<frozen 
importlib._bootstrap_external>", 
line 940 in exec_module
  File "<frozen 
importlib._bootstrap>", line 690 in 
_load_unlocked
  File "<frozen 
importlib._bootstrap>", line 1147 in 
_find_and_load_unlocked
  File "<frozen 
importlib._bootstrap>", line 1176 in 
_find_and_load
  File "C:\Users\USER\AppData\Local\P
rograms\Python\Python311\Lib\site-pac
kages\transformers\utils\auto_docstri
ng.py", line 30 in <module>
  File "<frozen 
importlib._bootstrap>", line 241 in 
_call_with_frames_removed
  File "<frozen 
importlib._bootstrap_external>", 
line 940 in exec_module
  File "<frozen 
importlib._bootstrap>", line 690 in 
_load_unlocked
  File "<frozen 
importlib._bootstrap>", line 1147 in 
_find_and_load_unlocked
  File "<frozen 
importlib._bootstrap>", line 1176 in 
_find_and_load
  File "C:\Users\USER\AppData\Local\P
rograms\Python\Python311\Lib\site-pac
kages\transformers\utils\__init__.py"
, line 24 in <module>
  File "<frozen 
importlib._bootstrap>", line 241 in 
_call_with_frames_removed
  File "<frozen 
importlib._bootstrap_external>", 
line 940 in exec_module
  File "<frozen 
importlib._bootstrap>", line 690 in 
_load_unlocked
  File "<frozen 
importlib._bootstrap>", line 1147 in 
_find_and_load_unlocked
  File "<frozen 
importlib._bootstrap>", line 1176 in 
_find_and_load
  File "<frozen 
importlib._bootstrap>", line 241 in 
_call_with_frames_removed
  File "<frozen 
importlib._bootstrap>", line 1126 in 
_find_and_load_unlocked
  File "<frozen 
importlib._bootstrap>", line 1176 in 
_find_and_load
  File "C:\Users\USER\AppData\Local\P
rograms\Python\Python311\Lib\site-pac
kages\transformers\dependency_version
s_check.py", line 16 in <module>
  File "<frozen 
importlib._bootstrap>", line 241 in 
_call_with_frames_removed
  File "<frozen 
importlib._bootstrap_external>", 
line 940 in exec_module
  File "<frozen 
importlib._bootstrap>", line 690 in 
_load_unlocked
  File "<frozen 
importlib._bootstrap>", line 1147 in 
_find_and_load_unlocked
  File "<frozen 
importlib._bootstrap>", line 1176 in 
_find_and_load
  File "<frozen 
importlib._bootstrap>", line 241 in 
_call_with_frames_removed
  File "<frozen 
importlib._bootstrap>", line 1232 in 
_handle_fromlist
  File "C:\Users\USER\AppData\Local\P
rograms\Python\Python311\Lib\site-pac
kages\transformers\__init__.py", 
line 27 in <module>
  File "<frozen 
importlib._bootstrap>", line 241 in 
_call_with_frames_removed
  File "<frozen 
importlib._bootstrap_external>", 
line 940 in exec_module
  File "<frozen 
importlib._bootstrap>", line 690 in 
_load_unlocked
  File "<frozen 
importlib._bootstrap>", line 1147 in 
_find_and_load_unlocked
  File "<frozen 
importlib._bootstrap>", line 1176 in 
_find_and_load
  File "<frozen 
importlib._bootstrap>", line 241 in 
_call_with_frames_removed
  File "<frozen 
importlib._bootstrap>", line 1126 in 
_find_and_load_unlocked
  File "<frozen 
importlib._bootstrap>", line 1176 in 
_find_and_load
  File "C:\Users\USER\AppData\Local\P
rograms\Python\Python311\Lib\site-pac
kages\sentence_transformers\backend\l
oad.py", line 7 in <module>
  File "<frozen 
importlib._bootstrap>", line 241 in 
_call_with_frames_removed
  File "<frozen 
importlib._bootstrap_external>", 
line 940 in exec_module
  File "<frozen 
importlib._bootstrap>", line 690 in 
_load_unlocked
  File "<frozen 
importlib._bootstrap>", line 1147 in 
_find_and_load_unlocked
  File "<frozen 
importlib._bootstrap>", line 1176 in 
_find_and_load
  File "C:\Users\USER\AppData\Local\P
rograms\Python\Python311\Lib\site-pac
kages\sentence_transformers\backend\_
_init__.py", line 3 in <module>
  File "<frozen 
importlib._bootstrap>", line 241 in 
_call_with_frames_removed
  File "<frozen 
importlib._bootstrap_external>", 
line 940 in exec_module
  File "<frozen 
importlib._bootstrap>", line 690 in 
_load_unlocked
  File "<frozen 
importlib._bootstrap>", line 1147 in 
_find_and_load_unlocked
  File "<frozen 
importlib._bootstrap>", line 1176 in 
_find_and_load
  File "C:\Users\USER\AppData\Local\P
rograms\Python\Python311\Lib\site-pac
kages\sentence_transformers\__init__.
py", line 10 in <module>
  File "<frozen 
importlib._bootstrap>", line 241 in 
_call_with_frames_removed
  File "<frozen 
importlib._bootstrap_external>", 
line 940 in exec_module
  File "<frozen 
importlib._bootstrap>", line 690 in 
_load_unlocked
  File "<frozen 
importlib._bootstrap>", line 1147 in 
_find_and_load_unlocked
  File "<frozen 
importlib._bootstrap>", line 1176 in 
_find_and_load
  File "C:\Users\USER\orchestra\orche
stra\core\embeddings.py", line 13 in 
<module>
  File "<frozen 
importlib._bootstrap>", line 241 in 
_call_with_frames_removed
  File "<frozen 
importlib._bootstrap_external>", 
line 940 in exec_module
  File "<frozen 
importlib._bootstrap>", line 690 in 
_load_unlocked
  File "<frozen 
importlib._bootstrap>", line 1147 in 
_find_and_load_unlocked
  File "<frozen 
importlib._bootstrap>", line 1176 in 
_find_and_load
  File "C:\Users\USER\orchestra\orche
stra\core\hierarchical_embeddings.py"
, line 11 in <module>
  File "<frozen 
importlib._bootstrap>", line 241 in 
_call_with_frames_removed
  File "<frozen 
importlib._bootstrap_external>", 
line 940 in exec_module
  File "<frozen 
importlib._bootstrap>", line 690 in 
_load_unlocked
  File "<frozen 
importlib._bootstrap>", line 1147 in 
_find_and_load_unlocked
  File "<frozen 
importlib._bootstrap>", line 1176 in 
_find_and_load
  File "C:\Users\USER\orchestra\orche
stra\core\cache_manager.py", line 14 
in <module>
  File "<frozen 
importlib._bootstrap>", line 241 in 
_call_with_frames_removed
  File "<frozen 
importlib._bootstrap_external>", 
line 940 in exec_module
  File "<frozen 
importlib._bootstrap>", line 690 in 
_load_unlocked
  File "<frozen 
importlib._bootstrap>", line 1147 in 
_find_and_load_unlocked
  File "<frozen 
importlib._bootstrap>", line 1176 in 
_find_and_load
  File "C:\Users\USER\orchestra\orche
stra\adapters\base.py", line 11 in 
<module>
  File "<frozen 
importlib._bootstrap>", line 241 in 
_call_with_frames_removed
  File "<frozen 
importlib._bootstrap_external>", 
line 940 in exec_module
  File "<frozen 
importlib._bootstrap>", line 690 in 
_load_unlocked
  File "<frozen 
importlib._bootstrap>", line 1147 in 
_find_and_load_unlocked
  File "<frozen 
importlib._bootstrap>", line 1176 in 
_find_and_load
  File "C:\Users\USER\orchestra\orche
stra\adapters\langchain.py", line 12 
in <module>
  File "<frozen 
importlib._bootstrap>", line 241 in 
_call_with_frames_removed
  File "<frozen 
importlib._bootstrap_external>", 
line 940 in exec_module
  File "<frozen 
importlib._bootstrap>", line 690 in 
_load_unlocked
  File "<frozen 
importlib._bootstrap>", line 1147 in 
_find_and_load_unlocked
  File "<frozen 
importlib._bootstrap>", line 1176 in 
_find_and_load
  File "C:\Users\USER\orchestra\orche
stra\__init__.py", line 5 in <module>
  File "<frozen 
importlib._bootstrap>", line 241 in 
_call_with_frames_removed
  File "<frozen 
importlib._bootstrap_external>", 
line 940 in exec_module
  File "<frozen 
importlib._bootstrap>", line 690 in 
_load_unlocked
  File "<frozen 
importlib._bootstrap>", line 1147 in 
_find_and_load_unlocked
  File "<frozen 
importlib._bootstrap>", line 1176 in 
_find_and_load
  File "<frozen 
importlib._bootstrap>", line 241 in 
_call_with_frames_removed
  ...
============================= test session starts =============================
platform win32 -- Python 3.11.8, pytest-9.0.2, pluggy-1.6.0
rootdir: C:\Users\USER\orchestra
configfile: pyproject.toml
plugins: anyio-4.12.0, langsmith-0.6.2, asyncio-1.3.0
asyncio: mode=Mode.STRICT, debug=False, asyncio_default_fixture_loop_scope=None, asyncio_default_test_loop_scope=function
collected 2 items

tests\test_recorder_production.py .F                                     [100%]

================================== FAILURES ===================================
________________________ test_postgres_storage_mocked _________________________

    def test_postgres_storage_mocked():
        """
        Test PostgresStorage logic without a real database using mocks.
        """
        from unittest.mock import MagicMock, patch
        import sys
    
        # Mock psycopg2 if not installed
        if "psycopg2" not in sys.modules:
            sys.modules["psycopg2"] = MagicMock()
            sys.modules["psycopg2.pool"] = MagicMock()
    
        from orchestra.recorder.storage import PostgresStorage
    
        # Setup Mocks
        mock_pool = MagicMock()
        mock_conn = MagicMock()
        mock_cursor = MagicMock()
    
        # Chain: pool -> conn -> cursor
        mock_pool.getconn.return_value = mock_conn
        mock_conn.cursor.return_value.__enter__.return_value = mock_cursor
    
        # Patch the ThreadedConnectionPool to return our mock
        with patch("psycopg2.pool.ThreadedConnectionPool", return_value=mock_pool):
            storage = PostgresStorage(dsn="postgresql://user:pass@localhost/db")
    
            # 1. Test Initialization (Table Creation)
>           assert mock_cursor.execute.call_count >= 2 # At least create traces and steps
            ^^^^^^^^^^^^^^^^^^^^^^^^^^^^^^^^^^^^^^^^^^
E           AssertionError: assert 0 >= 2
E            +  where 0 = <MagicMock name='mock.getconn().cursor().__enter__().execute' id='2617663811280'>.call_count
E            +    where <MagicMock name='mock.getconn().cursor().__enter__().execute' id='2617663811280'> = <MagicMock name='mock.getconn().cursor().__enter__()' id='2617634400400'>.execute

tests\test_recorder_production.py:95: AssertionError
============================== warnings summary ===============================
<frozen importlib._bootstrap>:241
  <frozen importlib._bootstrap>:241: DeprecationWarning: builtin type SwigPyPacked has no __module__ attribute

<frozen importlib._bootstrap>:241
  <frozen importlib._bootstrap>:241: DeprecationWarning: builtin type SwigPyObject has no __module__ attribute

<frozen importlib._bootstrap>:241
  <frozen importlib._bootstrap>:241: DeprecationWarning: builtin type swigvarlink has no __module__ attribute

-- Docs: https://docs.pytest.org/en/stable/how-to/capture-warnings.html
=========================== short test summary info ===========================
FAILED tests/test_recorder_production.py::test_postgres_storage_mocked - Asse...
=================== 1 failed, 1 passed, 3 warnings in 2.68s ===================
